[torreycaballo.com/index.html]
[torreycaballo.com/logo192.html]
[torreycaballo.com/manifest.html]
[backblue.gif]
[fade.gif]
[index.html]
[torreycaballo.com/assets/logos/logo.png]
[torreycaballo.com/static/js/main.b5eba323.js]
[torreycaballo.com/index.html]
[torreycaballo.com/logo192.html]
[torreycaballo.com/manifest.html]
[torreycaballo.com/static/css/main.cc0efe1e.css]
[torreycaballo.com/static/media/about.1292412e9feb35a7c172.svg]
[torreycaballo.com/static/media/benefits.03e0ef119dae268a6f4e.svg]
[torreycaballo.com/static/media/contact.9a6c1f656b3371e61a12.svg]
[torreycaballo.com/static/media/portfolio.7a0893b8b2d768df1f67.svg]
[torreycaballo.com/static/media/services.96d0becb8c2910da9f23.svg]
[torreycaballo.com/static/media/testimonials.247fcaa3f1e96497e5d5.svg]
[torreycaballo.com/static/css/main.cc0efe1e.css]
[torreycaballo.com/static/media/about.1292412e9feb35a7c172.svg]
[torreycaballo.com/static/media/benefits.03e0ef119dae268a6f4e.svg]
[torreycaballo.com/static/media/contact.9a6c1f656b3371e61a12.svg]
[torreycaballo.com/static/media/portfolio.7a0893b8b2d768df1f67.svg]
[torreycaballo.com/static/media/services.96d0becb8c2910da9f23.svg]
[torreycaballo.com/static/media/testimonials.247fcaa3f1e96497e5d5.svg]
